Files from testdata/Row-Your-Boat-2.0.epub
- mimetype
- container.xml
- package.opf
- content.xhtml
- Row-Your-Boat.jpg
- navigation.xml
- cover.xhtml
Files from testdata/Row-Your-Boat-3.0.epub
- mimetype
- container.xml
- package.opf
- navigation.xhtml
- content.xhtml
- Row-Your-Boat.jpg
Files from testdata/pg11-images.epub
- mimetype
- container.xml
- pgepub.css
- 0.css
- 1.css
- @public@vhost@g@gutenberg@html@files@11@11-h@11-h-0.htm.html
- @public@vhost@g@gutenberg@html@files@11@11-h@11-h-1.htm.html
- @public@vhost@g@gutenberg@html@files@11@11-h@11-h-2.htm.html
- @public@vhost@g@gutenberg@html@files@11@11-h@11-h-3.htm.html
- toc.ncx
- content.opf
Files from testdata/pg12783-images.epub
- mimetype
- container.xml
- pgepub.css
- 0.css
- 1.css
- @public@vhost@g@gutenberg@html@files@12783@12783-h@12783-h-0.htm.html
- @public@vhost@g@gutenberg@html@files@12783@12783-h@12783-h-1.htm.html
- @public@vhost@g@gutenberg@html@files@12783@12783-h@12783-h-2.htm.html
- @public@vhost@g@gutenberg@html@files@12783@12783-h@12783-h-3.htm.html
- @public@vhost@g@gutenberg@html@files@12783@12783-h@12783-h-4.htm.html
- @public@vhost@g@gutenberg@html@files@12783@12783-h@12783-h-5.htm.html
- toc.ncx
- content.opf
Files from testdata/pg1661-images.epub
- mimetype
- container.xml
- pgepub.css
- 0.css
- 1.css
- @public@vhost@g@gutenberg@html@files@1661@1661-h@1661-h-0.htm.html
- @public@vhost@g@gutenberg@html@files@1661@1661-h@1661-h-1.htm.html
- @public@vhost@g@gutenberg@html@files@1661@1661-h@1661-h-2.htm.html
- @public@vhost@g@gutenberg@html@files@1661@1661-h@1661-h-3.htm.html
- @public@vhost@g@gutenberg@html@files@1661@1661-h@1661-h-4.htm.html
- @public@vhost@g@gutenberg@html@files@1661@1661-h@1661-h-5.htm.html
- @public@vhost@g@gutenberg@html@files@1661@1661-h@1661-h-6.htm.html
- @public@vhost@g@gutenberg@html@files@1661@1661-h@1661-h-7.htm.html
- @public@vhost@g@gutenberg@html@files@1661@1661-h@1661-h-8.htm.html
- @public@vhost@g@gutenberg@html@files@1661@1661-h@1661-h-9.htm.html
- @public@vhost@g@gutenberg@html@files@1661@1661-h@1661-h-10.htm.html
- @public@vhost@g@gutenberg@html@files@1661@1661-h@1661-h-11.htm.html
- @public@vhost@g@gutenberg@html@files@1661@1661-h@1661-h-12.htm.html
- toc.ncx
- content.opf
Files from testdata/pg23962-images.epub
- mimetype
- container.xml
- pgepub.css
- @public@vhost@g@gutenberg@html@files@23962@23962-0-0.txt.html
- @public@vhost@g@gutenberg@html@files@23962@23962-0-1.txt.html
- @public@vhost@g@gutenberg@html@files@23962@23962-0-2.txt.html
- @public@vhost@g@gutenberg@html@files@23962@23962-0-3.txt.html
- @public@vhost@g@gutenberg@html@files@23962@23962-0-4.txt.html
- @public@vhost@g@gutenberg@html@files@23962@23962-0-5.txt.html
- @public@vhost@g@gutenberg@html@files@23962@23962-0-6.txt.html
- @public@vhost@g@gutenberg@html@files@23962@23962-0-7.txt.html
- @public@vhost@g@gutenberg@html@files@23962@23962-0-8.txt.html
- @public@vhost@g@gutenberg@html@files@23962@23962-0-9.txt.html
- @public@vhost@g@gutenberg@html@files@23962@23962-0-10.txt.html
- @public@vhost@g@gutenberg@html@files@23962@23962-0-11.txt.html
- @public@vhost@g@gutenberg@html@files@23962@23962-0-12.txt.html
- @public@vhost@g@gutenberg@html@files@23962@23962-0-13.txt.html
- @public@vhost@g@gutenberg@html@files@23962@23962-0-14.txt.html
- @public@vhost@g@gutenberg@html@files@23962@23962-0-15.txt.html
- @public@vhost@g@gutenberg@html@files@23962@23962-0-16.txt.html
- @public@vhost@g@gutenberg@html@files@23962@23962-0-17.txt.html
- @public@vhost@g@gutenberg@html@files@23962@23962-0-18.txt.html
- @public@vhost@g@gutenberg@html@files@23962@23962-0-19.txt.html
- @public@vhost@g@gutenberg@html@files@23962@23962-0-20.txt.html
- @public@vhost@g@gutenberg@html@files@23962@23962-0-21.txt.html
- @public@vhost@g@gutenberg@html@files@23962@23962-0-22.txt.html
- @public@vhost@g@gutenberg@html@files@23962@23962-0-23.txt.html
- @public@vhost@g@gutenberg@html@files@23962@23962-0-24.txt.html
- @public@vhost@g@gutenberg@html@files@23962@23962-0-25.txt.html
- @public@vhost@g@gutenberg@html@files@23962@23962-0-26.txt.html
- @public@vhost@g@gutenberg@html@files@23962@23962-0-27.txt.html
- @public@vhost@g@gutenberg@html@files@23962@23962-0-28.txt.html
- @public@vhost@g@gutenberg@html@files@23962@23962-0-29.txt.html
- @public@vhost@g@gutenberg@html@files@23962@23962-0-30.txt.html
- @public@vhost@g@gutenberg@html@files@23962@23962-0-31.txt.html
- @public@vhost@g@gutenberg@html@files@23962@23962-0-32.txt.html
- @public@vhost@g@gutenberg@html@files@23962@23962-0-33.txt.html
- @public@vhost@g@gutenberg@html@files@23962@23962-0-34.txt.html
- @public@vhost@g@gutenberg@html@files@23962@23962-0-35.txt.html
- @public@vhost@g@gutenberg@html@files@23962@23962-0-36.txt.html
- @public@vhost@g@gutenberg@html@files@23962@23962-0-37.txt.html
- @public@vhost@g@gutenberg@html@files@23962@23962-0-38.txt.html
- @public@vhost@g@gutenberg@html@files@23962@23962-0-39.txt.html
- @public@vhost@g@gutenberg@html@files@23962@23962-0-40.txt.html
- @public@vhost@g@gutenberg@html@files@23962@23962-0-41.txt.html
- @public@vhost@g@gutenberg@html@files@23962@23962-0-42.txt.html
- @public@vhost@g@gutenberg@html@files@23962@23962-0-43.txt.html
- @public@vhost@g@gutenberg@html@files@23962@23962-0-44.txt.html
- @public@vhost@g@gutenberg@html@files@23962@23962-0-45.txt.html
- @public@vhost@g@gutenberg@html@files@23962@23962-0-46.txt.html
- @public@vhost@g@gutenberg@html@files@23962@23962-0-47.txt.html
- @public@vhost@g@gutenberg@html@files@23962@23962-0-48.txt.html
- @public@vhost@g@gutenberg@html@files@23962@23962-0-49.txt.html
- @public@vhost@g@gutenberg@html@files@23962@23962-0-50.txt.html
- @public@vhost@g@gutenberg@html@files@23962@23962-0-51.txt.html
- @public@vhost@g@gutenberg@html@files@23962@23962-0-52.txt.html
- @public@vhost@g@gutenberg@html@files@23962@23962-0-53.txt.html
- @public@vhost@g@gutenberg@html@files@23962@23962-0-54.txt.html
- @public@vhost@g@gutenberg@html@files@23962@23962-0-55.txt.html
- @public@vhost@g@gutenberg@html@files@23962@23962-0-56.txt.html
- @public@vhost@g@gutenberg@html@files@23962@23962-0-57.txt.html
- @public@vhost@g@gutenberg@html@files@23962@23962-0-58.txt.html
- @public@vhost@g@gutenberg@html@files@23962@23962-0-59.txt.html
- @public@vhost@g@gutenberg@html@files@23962@23962-0-60.txt.html
- @public@vhost@g@gutenberg@html@files@23962@23962-0-61.txt.html
- @public@vhost@g@gutenberg@html@files@23962@23962-0-62.txt.html
- @public@vhost@g@gutenberg@html@files@23962@23962-0-63.txt.html
- @public@vhost@g@gutenberg@html@files@23962@23962-0-64.txt.html
- @public@vhost@g@gutenberg@html@files@23962@23962-0-65.txt.html
- @public@vhost@g@gutenberg@html@files@23962@23962-0-66.txt.html
- @public@vhost@g@gutenberg@html@files@23962@23962-0-67.txt.html
- @public@vhost@g@gutenberg@html@files@23962@23962-0-68.txt.html
- @public@vhost@g@gutenberg@html@files@23962@23962-0-69.txt.html
- @public@vhost@g@gutenberg@html@files@23962@23962-0-70.txt.html
- @public@vhost@g@gutenberg@html@files@23962@23962-0-71.txt.html
- @public@vhost@g@gutenberg@html@files@23962@23962-0-72.txt.html
- toc.ncx
- content.opf
Files from testdata/pg29052.epub
- mimetype
- container.xml
- @public@vhost@g@gutenberg@html@files@29052@29052-h@images@cover.jpg
- pgepub.css
- 0.css
- 1.css
- @public@vhost@g@gutenberg@html@files@29052@29052-h@29052-h-0.htm.html
- toc.ncx
- wrap0000.html
- content.opf
Files from testdata/pg4791-images.epub
- mimetype
- container.xml
- pgepub.css
- @public@vhost@g@gutenberg@html@files@4791@4791-8@4791-8-0.txt.html
- @public@vhost@g@gutenberg@html@files@4791@4791-8@4791-8-1.txt.html
- @public@vhost@g@gutenberg@html@files@4791@4791-8@4791-8-2.txt.html
- @public@vhost@g@gutenberg@html@files@4791@4791-8@4791-8-3.txt.html
- @public@vhost@g@gutenberg@html@files@4791@4791-8@4791-8-4.txt.html
- @public@vhost@g@gutenberg@html@files@4791@4791-8@4791-8-5.txt.html
- @public@vhost@g@gutenberg@html@files@4791@4791-8@4791-8-6.txt.html
- @public@vhost@g@gutenberg@html@files@4791@4791-8@4791-8-7.txt.html
- toc.ncx
- content.opf
Files from testdata/pg50398.epub
- mimetype
- container.xml
- @public@vhost@g@gutenberg@html@files@50398@50398-h@images@cover.jpg
- pgepub.css
- 0.css
- 1.css
- @public@vhost@g@gutenberg@html@files@50398@50398-h@50398-h-0.htm.html
- @public@vhost@g@gutenberg@html@files@50398@50398-h@50398-h-1.htm.html
- @public@vhost@g@gutenberg@html@files@50398@50398-h@50398-h-2.htm.html
- @public@vhost@g@gutenberg@html@files@50398@50398-h@50398-h-3.htm.html
- @public@vhost@g@gutenberg@html@files@50398@50398-h@50398-h-4.htm.html
- toc.ncx
- wrap0000.html
- content.opf
Files from testdata/pg54873.epub
- mimetype
- container.xml
- @public@vhost@g@gutenberg@html@files@54873@54873-h@images@cover.jpg
- pgepub.css
- 0.css
- 1.css
- @public@vhost@g@gutenberg@html@files@54873@54873-h@54873-h-0.htm.html
- @public@vhost@g@gutenberg@html@files@54873@54873-h@54873-h-1.htm.html
- @public@vhost@g@gutenberg@html@files@54873@54873-h@54873-h-2.htm.html
- @public@vhost@g@gutenberg@html@files@54873@54873-h@54873-h-3.htm.html
- @public@vhost@g@gutenberg@html@files@54873@54873-h@54873-h-4.htm.html
- @public@vhost@g@gutenberg@html@files@54873@54873-h@54873-h-5.htm.html
- @public@vhost@g@gutenberg@html@files@54873@54873-h@54873-h-6.htm.html
- @public@vhost@g@gutenberg@html@files@54873@54873-h@54873-h-7.htm.html
- @public@vhost@g@gutenberg@html@files@54873@54873-h@54873-h-8.htm.html
- @public@vhost@g@gutenberg@html@files@54873@54873-h@54873-h-9.htm.html
- @public@vhost@g@gutenberg@html@files@54873@54873-h@54873-h-10.htm.html
- @public@vhost@g@gutenberg@html@files@54873@54873-h@54873-h-11.htm.html
- @public@vhost@g@gutenberg@html@files@54873@54873-h@54873-h-12.htm.html
- @public@vhost@g@gutenberg@html@files@54873@54873-h@54873-h-13.htm.html
- @public@vhost@g@gutenberg@html@files@54873@54873-h@54873-h-14.htm.html
- @public@vhost@g@gutenberg@html@files@54873@54873-h@54873-h-15.htm.html
- @public@vhost@g@gutenberg@html@files@54873@54873-h@54873-h-16.htm.html
- @public@vhost@g@gutenberg@html@files@54873@54873-h@54873-h-17.htm.html
- @public@vhost@g@gutenberg@html@files@54873@54873-h@54873-h-18.htm.html
- @public@vhost@g@gutenberg@html@files@54873@54873-h@54873-h-19.htm.html
- @public@vhost@g@gutenberg@html@files@54873@54873-h@54873-h-20.htm.html
- toc.ncx
- wrap0000.html
- content.opf
