[
  {
    "Identifier": [
      {
        "Scheme": "ISBN",
        "Value": "123456789X"
      }
    ],
    "Title": [
      "Row, Row, Row Your Boat"
    ],
    "Language": [
      "en-US"
    ],
    "Contributor": [
      {
        "FullName": "Phys.Org",
        "FileAs": "Phys.Org",
        "Role": "ill"
      }
    ],
    "Creator": [
      {
        "FullName": "Unknown Person",
        "FileAs": "Unknown Person",
        "Role": "aut"
      }
    ],
    "Date": [
      {
        "Stamp": "2018-01-01T00:00:00Z",
        "Event": "publication"
      }
    ],
    "Description": [
      "\"Row, Row, Row Your Boat\" is a popular children's song. The earliest printing of the song is from 1852, when the lyrics were published with similar lyrics to those used today, but with a very different tune."
    ],
    "Publisher": [
      "FYIcenter.com"
    ],
    "Rights": [
      "CC0 Public Domain"
    ],
    "Source": [
      "urn:isbn:9780375704024"
    ],
    "Subject": [
      "MUSIC / Lyrics"
    ]
  },
  {
    "Identifier": [
      {
        "Scheme": "",
        "Value": "urn:uuid:404d6d3a-429e-11e8-842f-0ed5f89f718b"
      }
    ],
    "Title": [
      "Row, Row, Row Your Boat",
      "Row Your Boat",
      "First Edition"
    ],
    "Language": [
      "en-US"
    ],
    "Contributor": [
      {
        "FullName": "Phys.Org",
        "FileAs": "",
        "Role": ""
      }
    ],
    "Creator": [
      {
        "FullName": "Unknown Person",
        "FileAs": "",
        "Role": ""
      }
    ],
    "Date": [
      {
        "Stamp": "2018-01-01T00:00:00Z",
        "Event": ""
      }
    ],
    "Description": [
      "\"Row, Row, Row Your Boat\" is a popular children's song. The earliest printing of the song is from 1852, when the lyrics were published with similar lyrics to those used today, but with a very different tune."
    ],
    "Publisher": [
      "FYIcenter.com"
    ],
    "Rights": [
      "CC0 Public Domain"
    ],
    "Source": [
      "urn:isbn:9780375704024"
    ],
    "Subject": [
      "MUSIC / Lyrics"
    ],
    "Meta": [
      {
        "Name": "",
        "Content": ""
      },
      {
        "Name": "",
        "Content": ""
      },
      {
        "Name": "",
        "Content": ""
      },
      {
        "Name": "",
        "Content": ""
      }
    ]
  },
  {
    "Identifier": [
      {
        "Scheme": "URI",
        "Value": "http://www.gutenberg.org/ebooks/11"
      }
    ],
    "Title": [
      "Alice's Adventures in Wonderland"
    ],
    "Language": [
      "en"
    ],
    "Creator": [
      {
        "FullName": "Lewis Carroll",
        "FileAs": "Carroll, Lewis",
        "Role": ""
      }
    ],
    "Date": [
      {
        "Stamp": "2008-06-27",
        "Event": "publication"
      },
      {
        "Stamp": "2016-12-01T06:02:19.097249+00:00",
        "Event": "conversion"
      }
    ],
    "Rights": [
      "Public domain in the USA."
    ],
    "Source": [
      "http://www.gutenberg.org/files/11/11-h/11-h.htm"
    ],
    "Subject": [
      "Fantasy"
    ]
  },
  {
    "Identifier": [
      {
        "Scheme": "URI",
        "Value": "http://www.gutenberg.org/ebooks/12783"
      }
    ],
    "Title": [
      "Les Mémoires d'un âne."
    ],
    "Language": [
      "fr"
    ],
    "Creator": [
      {
        "FullName": "comtesse de Sophie Ségur",
        "FileAs": "Ségur, Sophie, comtesse de",
        "Role": ""
      }
    ],
    "Date": [
      {
        "Stamp": "2004-06-29",
        "Event": "publication"
      },
      {
        "Stamp": "2017-08-07T06:29:44.304163+00:00",
        "Event": "conversion"
      }
    ],
    "Rights": [
      "Public domain in the USA."
    ],
    "Source": [
      "http://www.gutenberg.org/files/12783/12783-h/12783-h.htm"
    ],
    "Subject": [
      "Donkeys -- Juvenile fiction"
    ]
  },
  {
    "Identifier": [
      {
        "Scheme": "URI",
        "Value": "http://www.gutenberg.org/ebooks/1661"
      }
    ],
    "Title": [
      "The Adventures of Sherlock Holmes"
    ],
    "Language": [
      "en"
    ],
    "Creator": [
      {
        "FullName": "Arthur Conan Doyle",
        "FileAs": "Doyle, Arthur Conan",
        "Role": ""
      }
    ],
    "Date": [
      {
        "Stamp": "1999-03-01",
        "Event": "publication"
      },
      {
        "Stamp": "2016-12-01T09:24:04.122080+00:00",
        "Event": "conversion"
      }
    ],
    "Rights": [
      "Public domain in the USA."
    ],
    "Source": [
      "http://www.gutenberg.org/files/1661/1661-h/1661-h.htm"
    ],
    "Subject": [
      "Holmes, Sherlock (Fictitious character) -- Fiction",
      "Private investigators -- England -- Fiction",
      "Detective and mystery stories, English"
    ]
  },
  {
    "Identifier": [
      {
        "Scheme": "URI",
        "Value": "http://www.gutenberg.org/ebooks/23962"
      }
    ],
    "Title": [
      "西遊記"
    ],
    "Language": [
      "zh"
    ],
    "Creator": [
      {
        "FullName": "Cheng'en Wu",
        "FileAs": "Wu, Cheng'en",
        "Role": ""
      }
    ],
    "Date": [
      {
        "Stamp": "2007-12-22",
        "Event": "publication"
      },
      {
        "Stamp": "2017-08-12T08:26:52.563110+00:00",
        "Event": "conversion"
      }
    ],
    "Rights": [
      "Public domain in the USA."
    ],
    "Source": [
      "http://www.gutenberg.orgfiles/23962/23962-0.txt"
    ],
    "Subject": [
      "Folklore -- China",
      "Legends -- China",
      "Xuanzang, approximately 596-664 -- Fiction",
      "Chinese fiction -- Ming dynasty, 1368-1644"
    ]
  },
  {
    "Identifier": [
      {
        "Scheme": "URI",
        "Value": "http://www.gutenberg.org/ebooks/29052"
      }
    ],
    "Title": [
      "Histoire de Pierre Lapin"
    ],
    "Language": [
      "fr"
    ],
    "Contributor": [
      {
        "FullName": "Victorine Ballon",
        "FileAs": "Ballon, Victorine",
        "Role": "trl"
      },
      {
        "FullName": "Julienne Profichet",
        "FileAs": "Profichet, Julienne",
        "Role": "trl"
      }
    ],
    "Creator": [
      {
        "FullName": "Beatrix Potter",
        "FileAs": "Potter, Beatrix",
        "Role": ""
      }
    ],
    "Date": [
      {
        "Stamp": "2009-06-06",
        "Event": "publication"
      },
      {
        "Stamp": "2018-10-14T08:11:25.330821+00:00",
        "Event": "conversion"
      }
    ],
    "Rights": [
      "Public domain in the USA."
    ],
    "Source": [
      "http://www.gutenberg.org/files/29052/29052-h/29052-h.htm"
    ],
    "Subject": [
      "Rabbits -- Juvenile fiction"
    ],
    "Meta": [
      {
        "Name": "cover",
        "Content": "item1"
      }
    ]
  },
  {
    "Identifier": [
      {
        "Scheme": "URI",
        "Value": "http://www.gutenberg.org/ebooks/4791"
      }
    ],
    "Title": [
      "Voyage au Centre de la Terre"
    ],
    "Language": [
      "fr"
    ],
    "Creator": [
      {
        "FullName": "Jules Verne",
        "FileAs": "Verne, Jules",
        "Role": ""
      }
    ],
    "Date": [
      {
        "Stamp": "2003-12-01",
        "Event": "publication"
      },
      {
        "Stamp": "2017-08-03T06:17:04.468944+00:00",
        "Event": "conversion"
      }
    ],
    "Rights": [
      "Public domain in the USA."
    ],
    "Source": [
      "http://www.gutenberg.orgfiles/4791/4791-8/4791-8.txt"
    ],
    "Subject": [
      "Science fiction",
      "Adventure stories",
      "Earth (Planet) -- Core -- Fiction",
      "Voyages, Imaginary -- Fiction"
    ]
  },
  {
    "Identifier": [
      {
        "Scheme": "URI",
        "Value": "http://www.gutenberg.org/ebooks/50398"
      }
    ],
    "Title": [
      "Aventures de Baron de Münchausen"
    ],
    "Language": [
      "fr"
    ],
    "Contributor": [
      {
        "FullName": "Gustave Doré",
        "FileAs": "Doré, Gustave",
        "Role": "ill"
      },
      {
        "FullName": "Théophile Gautier",
        "FileAs": "Gautier, Théophile",
        "Role": "trl"
      }
    ],
    "Creator": [
      {
        "FullName": "Gottfried August Bürger",
        "FileAs": "Bürger, Gottfried August",
        "Role": ""
      },
      {
        "FullName": "Rudolf Erich Raspe",
        "FileAs": "Raspe, Rudolf Erich",
        "Role": ""
      }
    ],
    "Date": [
      {
        "Stamp": "2015-11-06",
        "Event": "publication"
      },
      {
        "Stamp": "2018-10-24T09:51:17.150207+00:00",
        "Event": "conversion"
      }
    ],
    "Rights": [
      "Public domain in the USA."
    ],
    "Source": [
      "http://www.gutenberg.org/files/50398/50398-h/50398-h.htm"
    ],
    "Subject": [
      "Humorous stories",
      "Voyages and travels -- Fiction",
      "Voyages, Imaginary -- Fiction",
      "Tall tales"
    ],
    "Meta": [
      {
        "Name": "cover",
        "Content": "item1"
      }
    ]
  },
  {
    "Identifier": [
      {
        "Scheme": "URI",
        "Value": "http://www.gutenberg.org/ebooks/54873"
      }
    ],
    "Title": [
      "Vingt mille lieues sous les mers"
    ],
    "Language": [
      "fr"
    ],
    "Contributor": [
      {
        "FullName": "Alphonse de Neuville",
        "FileAs": "Neuville, Alphonse de",
        "Role": "ill"
      },
      {
        "FullName": "Edouard Riou",
        "FileAs": "Riou, Edouard",
        "Role": "ill"
      }
    ],
    "Creator": [
      {
        "FullName": "Jules Verne",
        "FileAs": "Verne, Jules",
        "Role": ""
      }
    ],
    "Date": [
      {
        "Stamp": "2017-06-09",
        "Event": "publication"
      },
      {
        "Stamp": "2018-10-27T05:35:22.719714+00:00",
        "Event": "conversion"
      }
    ],
    "Rights": [
      "Public domain in the USA."
    ],
    "Source": [
      "http://www.gutenberg.org/files/54873/54873-h/54873-h.htm"
    ],
    "Meta": [
      {
        "Name": "cover",
        "Content": "item1"
      }
    ]
  }
]