[
  {
    "Title": [
      "Alice's Adventures in Wonderland"
    ],
    "Language": [
      "en"
    ],
    "Identifier": [
      {
        "Value": "http://www.gutenberg.org/ebooks/11",
        "ID": "id",
        "Scheme": "URI"
      }
    ],
    "Creator": [
      {
        "FullName": "Lewis Carroll",
        "FileAs": "Carroll, Lewis",
        "Role": ""
      }
    ],
    "Subject": [
      "Fantasy"
    ],
    "Description": null,
    "Publisher": null,
    "Contributor": null,
    "Date": [
      {
        "Stamp": "2008-06-27",
        "Event": "publication"
      },
      {
        "Stamp": "2016-12-01T06:02:19.097249+00:00",
        "Event": "conversion"
      }
    ],
    "Type": null,
    "Format": null,
    "Source": [
      "http://www.gutenberg.org/files/11/11-h/11-h.htm"
    ],
    "Relation": null,
    "Coverage": null,
    "Rights": [
      "Public domain in the USA."
    ],
    "Meta": null
  },
  {
    "Title": [
      "Les Mémoires d'un âne."
    ],
    "Language": [
      "fr"
    ],
    "Identifier": [
      {
        "Value": "http://www.gutenberg.org/ebooks/12783",
        "ID": "id",
        "Scheme": "URI"
      }
    ],
    "Creator": [
      {
        "FullName": "comtesse de Sophie Ségur",
        "FileAs": "Ségur, Sophie, comtesse de",
        "Role": ""
      }
    ],
    "Subject": [
      "Donkeys -- Juvenile fiction"
    ],
    "Description": null,
    "Publisher": null,
    "Contributor": null,
    "Date": [
      {
        "Stamp": "2004-06-29",
        "Event": "publication"
      },
      {
        "Stamp": "2017-08-07T06:29:44.304163+00:00",
        "Event": "conversion"
      }
    ],
    "Type": null,
    "Format": null,
    "Source": [
      "http://www.gutenberg.org/files/12783/12783-h/12783-h.htm"
    ],
    "Relation": null,
    "Coverage": null,
    "Rights": [
      "Public domain in the USA."
    ],
    "Meta": null
  },
  {
    "Title": [
      "The Adventures of Sherlock Holmes"
    ],
    "Language": [
      "en"
    ],
    "Identifier": [
      {
        "Value": "http://www.gutenberg.org/ebooks/1661",
        "ID": "id",
        "Scheme": "URI"
      }
    ],
    "Creator": [
      {
        "FullName": "Arthur Conan Doyle",
        "FileAs": "Doyle, Arthur Conan",
        "Role": ""
      }
    ],
    "Subject": [
      "Holmes, Sherlock (Fictitious character) -- Fiction",
      "Private investigators -- England -- Fiction",
      "Detective and mystery stories, English"
    ],
    "Description": null,
    "Publisher": null,
    "Contributor": null,
    "Date": [
      {
        "Stamp": "1999-03-01",
        "Event": "publication"
      },
      {
        "Stamp": "2016-12-01T09:24:04.122080+00:00",
        "Event": "conversion"
      }
    ],
    "Type": null,
    "Format": null,
    "Source": [
      "http://www.gutenberg.org/files/1661/1661-h/1661-h.htm"
    ],
    "Relation": null,
    "Coverage": null,
    "Rights": [
      "Public domain in the USA."
    ],
    "Meta": null
  },
  {
    "Title": [
      "西遊記"
    ],
    "Language": [
      "zh"
    ],
    "Identifier": [
      {
        "Value": "http://www.gutenberg.org/ebooks/23962",
        "ID": "id",
        "Scheme": "URI"
      }
    ],
    "Creator": [
      {
        "FullName": "Cheng'en Wu",
        "FileAs": "Wu, Cheng'en",
        "Role": ""
      }
    ],
    "Subject": [
      "Folklore -- China",
      "Legends -- China",
      "Xuanzang, approximately 596-664 -- Fiction",
      "Chinese fiction -- Ming dynasty, 1368-1644"
    ],
    "Description": null,
    "Publisher": null,
    "Contributor": null,
    "Date": [
      {
        "Stamp": "2007-12-22",
        "Event": "publication"
      },
      {
        "Stamp": "2017-08-12T08:26:52.563110+00:00",
        "Event": "conversion"
      }
    ],
    "Type": null,
    "Format": null,
    "Source": [
      "http://www.gutenberg.orgfiles/23962/23962-0.txt"
    ],
    "Relation": null,
    "Coverage": null,
    "Rights": [
      "Public domain in the USA."
    ],
    "Meta": null
  },
  {
    "Title": [
      "Histoire de Pierre Lapin"
    ],
    "Language": [
      "fr"
    ],
    "Identifier": [
      {
        "Value": "http://www.gutenberg.org/ebooks/29052",
        "ID": "id",
        "Scheme": "URI"
      }
    ],
    "Creator": [
      {
        "FullName": "Beatrix Potter",
        "FileAs": "Potter, Beatrix",
        "Role": ""
      }
    ],
    "Subject": [
      "Rabbits -- Juvenile fiction"
    ],
    "Description": null,
    "Publisher": null,
    "Contributor": [
      {
        "FullName": "Victorine Ballon",
        "FileAs": "Ballon, Victorine",
        "Role": "trl"
      },
      {
        "FullName": "Julienne Profichet",
        "FileAs": "Profichet, Julienne",
        "Role": "trl"
      }
    ],
    "Date": [
      {
        "Stamp": "2009-06-06",
        "Event": "publication"
      },
      {
        "Stamp": "2018-10-14T08:11:25.330821+00:00",
        "Event": "conversion"
      }
    ],
    "Type": null,
    "Format": null,
    "Source": [
      "http://www.gutenberg.org/files/29052/29052-h/29052-h.htm"
    ],
    "Relation": null,
    "Coverage": null,
    "Rights": [
      "Public domain in the USA."
    ],
    "Meta": [
      {
        "Name": "cover",
        "Content": "item1"
      }
    ]
  },
  {
    "Title": [
      "Voyage au Centre de la Terre"
    ],
    "Language": [
      "fr"
    ],
    "Identifier": [
      {
        "Value": "http://www.gutenberg.org/ebooks/4791",
        "ID": "id",
        "Scheme": "URI"
      }
    ],
    "Creator": [
      {
        "FullName": "Jules Verne",
        "FileAs": "Verne, Jules",
        "Role": ""
      }
    ],
    "Subject": [
      "Science fiction",
      "Adventure stories",
      "Earth (Planet) -- Core -- Fiction",
      "Voyages, Imaginary -- Fiction"
    ],
    "Description": null,
    "Publisher": null,
    "Contributor": null,
    "Date": [
      {
        "Stamp": "2003-12-01",
        "Event": "publication"
      },
      {
        "Stamp": "2017-08-03T06:17:04.468944+00:00",
        "Event": "conversion"
      }
    ],
    "Type": null,
    "Format": null,
    "Source": [
      "http://www.gutenberg.orgfiles/4791/4791-8/4791-8.txt"
    ],
    "Relation": null,
    "Coverage": null,
    "Rights": [
      "Public domain in the USA."
    ],
    "Meta": null
  },
  {
    "Title": [
      "Aventures de Baron de Münchausen"
    ],
    "Language": [
      "fr"
    ],
    "Identifier": [
      {
        "Value": "http://www.gutenberg.org/ebooks/50398",
        "ID": "id",
        "Scheme": "URI"
      }
    ],
    "Creator": [
      {
        "FullName": "Gottfried August Bürger",
        "FileAs": "Bürger, Gottfried August",
        "Role": ""
      },
      {
        "FullName": "Rudolf Erich Raspe",
        "FileAs": "Raspe, Rudolf Erich",
        "Role": ""
      }
    ],
    "Subject": [
      "Humorous stories",
      "Voyages and travels -- Fiction",
      "Voyages, Imaginary -- Fiction",
      "Tall tales"
    ],
    "Description": null,
    "Publisher": null,
    "Contributor": [
      {
        "FullName": "Gustave Doré",
        "FileAs": "Doré, Gustave",
        "Role": "ill"
      },
      {
        "FullName": "Théophile Gautier",
        "FileAs": "Gautier, Théophile",
        "Role": "trl"
      }
    ],
    "Date": [
      {
        "Stamp": "2015-11-06",
        "Event": "publication"
      },
      {
        "Stamp": "2018-10-24T09:51:17.150207+00:00",
        "Event": "conversion"
      }
    ],
    "Type": null,
    "Format": null,
    "Source": [
      "http://www.gutenberg.org/files/50398/50398-h/50398-h.htm"
    ],
    "Relation": null,
    "Coverage": null,
    "Rights": [
      "Public domain in the USA."
    ],
    "Meta": [
      {
        "Name": "cover",
        "Content": "item1"
      }
    ]
  },
  {
    "Title": [
      "Vingt mille lieues sous les mers"
    ],
    "Language": [
      "fr"
    ],
    "Identifier": [
      {
        "Value": "http://www.gutenberg.org/ebooks/54873",
        "ID": "id",
        "Scheme": "URI"
      }
    ],
    "Creator": [
      {
        "FullName": "Jules Verne",
        "FileAs": "Verne, Jules",
        "Role": ""
      }
    ],
    "Subject": null,
    "Description": null,
    "Publisher": null,
    "Contributor": [
      {
        "FullName": "Alphonse de Neuville",
        "FileAs": "Neuville, Alphonse de",
        "Role": "ill"
      },
      {
        "FullName": "Edouard Riou",
        "FileAs": "Riou, Edouard",
        "Role": "ill"
      }
    ],
    "Date": [
      {
        "Stamp": "2017-06-09",
        "Event": "publication"
      },
      {
        "Stamp": "2018-10-27T05:35:22.719714+00:00",
        "Event": "conversion"
      }
    ],
    "Type": null,
    "Format": null,
    "Source": [
      "http://www.gutenberg.org/files/54873/54873-h/54873-h.htm"
    ],
    "Relation": null,
    "Coverage": null,
    "Rights": [
      "Public domain in the USA."
    ],
    "Meta": [
      {
        "Name": "cover",
        "Content": "item1"
      }
    ]
  }
]